[2026-07-07 16:55:06,136: INFO/MainProcess] beat: Starting...
[2026-07-07 16:55:06,184: ERROR/MainProcess] beat: Connection error: Authentication required.. Trying again in 2.0 seconds...
[2026-07-07 16:55:08,189: ERROR/MainProcess] beat: Connection error: Authentication required.. Trying again in 4.0 seconds...
[2026-07-07 16:55:12,195: ERROR/MainProcess] beat: Connection error: Authentication required.. Trying again in 6.0 seconds...
[2026-07-07 16:55:18,205: ERROR/MainProcess] beat: Connection error: Authentication required.. Trying again in 8.0 seconds...
[2026-07-07 16:55:26,218: ERROR/MainProcess] beat: Connection error: Authentication required.. Trying again in 10.0 seconds...
[2026-07-07 16:55:36,231: ERROR/MainProcess] beat: Connection error: Authentication required.. Trying again in 12.0 seconds...
[2026-07-07 16:55:48,248: ERROR/MainProcess] beat: Connection error: Authentication required.. Trying again in 14.0 seconds...
[2026-07-07 16:56:02,268: ERROR/MainProcess] beat: Connection error: Authentication required.. Trying again in 16.0 seconds...
[2026-07-07 16:56:18,279: ERROR/MainProcess] beat: Connection error: Authentication required.. Trying again in 18.0 seconds...
[2026-07-07 16:56:36,302: ERROR/MainProcess] beat: Connection error: Authentication required.. Trying again in 20.0 seconds...
[2026-07-07 16:56:56,326: ERROR/MainProcess] beat: Connection error: Authentication required.. Trying again in 22.0 seconds...
[2026-07-07 16:57:18,352: ERROR/MainProcess] beat: Connection error: Authentication required.. Trying again in 24.0 seconds...
[2026-07-07 16:57:42,380: ERROR/MainProcess] beat: Connection error: Authentication required.. Trying again in 26.0 seconds...
[2026-07-07 16:58:08,411: ERROR/MainProcess] beat: Connection error: Authentication required.. Trying again in 28.0 seconds...
[2026-07-07 16:58:36,444: ERROR/MainProcess] beat: Connection error: Authentication required.. Trying again in 30.0 seconds...
[2026-07-07 16:59:06,476: ERROR/MainProcess] beat: Connection error: Authentication required.. Trying again in 32.0 seconds...
[2026-07-07 16:59:38,514: ERROR/MainProcess] beat: Connection error: Authentication required.. Trying again in 32.0 seconds...
[2026-07-07 17:00:10,551: ERROR/MainProcess] beat: Connection error: Authentication required.. Trying again in 32.0 seconds...
[2026-07-07 17:00:42,589: ERROR/MainProcess] beat: Connection error: Authentication required.. Trying again in 32.0 seconds...
[2026-07-07 17:01:14,628: ERROR/MainProcess] beat: Connection error: Authentication required.. Trying again in 32.0 seconds...
[2026-07-07 17:01:46,664: ERROR/MainProcess] beat: Connection error: Authentication required.. Trying again in 32.0 seconds...
[2026-07-07 17:02:18,700: ERROR/MainProcess] beat: Connection error: Authentication required.. Trying again in 32.0 seconds...
[2026-07-07 17:02:50,731: ERROR/MainProcess] beat: Connection error: Authentication required.. Trying again in 32.0 seconds...
[2026-07-07 17:03:22,750: ERROR/MainProcess] beat: Connection error: Authentication required.. Trying again in 32.0 seconds...
[2026-07-07 17:03:54,787: ERROR/MainProcess] beat: Connection error: Authentication required.. Trying again in 32.0 seconds...
[2026-07-07 17:04:26,825: ERROR/MainProcess] beat: Connection error: Authentication required.. Trying again in 32.0 seconds...
[2026-07-07 17:04:58,863: ERROR/MainProcess] beat: Connection error: Authentication required.. Trying again in 32.0 seconds...
[2026-07-07 17:05:30,902: ERROR/MainProcess] beat: Connection error: Authentication required.. Trying again in 32.0 seconds...
celery beat v5.3.4 (emerald-rush) is starting.
__    -    ... __   -        _
LocalTime -> 2026-07-07 16:55:06
Configuration ->
    . broker -> redis://localhost:6379/0
    . loader -> celery.loaders.app.AppLoader
    . scheduler -> celery.beat.PersistentScheduler
    . db -> celerybeat-schedule
    . logfile -> [stderr]@%INFO
    . maxinterval -> 5.00 minutes (300s)
