/usr/local/lib/python3.10/dist-packages/celery/platforms.py:829: SecurityWarning: You're running the worker with superuser privileges: this is
absolutely not recommended!

Please specify a different user using the --uid option.

User information: uid=0 euid=0 gid=0 egid=0

  warnings.warn(SecurityWarning(ROOT_DISCOURAGED.format(
 
 -------------- celery@test-virtual-machine v5.3.4 (emerald-rush)
--- ***** ----- 
-- ******* ---- Linux-6.8.0-110-generic-x86_64-with-glibc2.35 2026-07-07 16:55:06
- *** --- * --- 
- ** ---------- [config]
- ** ---------- .> app:         monitor_tasks:0x73b1da2ead10
- ** ---------- .> transport:   redis://localhost:6379/0
- ** ---------- .> results:     disabled://
- *** --- * --- .> concurrency: 16 (prefork)
-- ******* ---- .> task events: OFF (enable -E to monitor tasks in this worker)
--- ***** ----- 
 -------------- [queues]
                .> celery           exchange=celery(direct) key=celery
                

[tasks]
  . worker.tasks.monitor_all_servers
  . worker.tasks.monitor_server

[2026-07-07 16:55:07,255: WARNING/MainProcess] /usr/local/lib/python3.10/dist-packages/celery/worker/consumer/consumer.py:507: CPendingDeprecationWarning: The broker_connection_retry configuration setting will no longer determine
whether broker connection retries are made during startup in Celery 6.0 and above.
If you wish to retain the existing behavior for retrying connections on startup,
you should set broker_connection_retry_on_startup to True.
  warnings.warn(

[2026-07-07 16:55:07,264: ERROR/MainProcess] consumer: Cannot connect to redis://localhost:6379/0: Authentication required..
Trying again in 2.00 seconds... (1/100)

[2026-07-07 16:55:09,269: ERROR/MainProcess] consumer: Cannot connect to redis://localhost:6379/0: Authentication required..
Trying again in 4.00 seconds... (2/100)

[2026-07-07 16:55:13,277: ERROR/MainProcess] consumer: Cannot connect to redis://localhost:6379/0: Authentication required..
Trying again in 6.00 seconds... (3/100)

[2026-07-07 16:55:19,288: ERROR/MainProcess] consumer: Cannot connect to redis://localhost:6379/0: Authentication required..
Trying again in 8.00 seconds... (4/100)

[2026-07-07 16:55:27,300: ERROR/MainProcess] consumer: Cannot connect to redis://localhost:6379/0: Authentication required..
Trying again in 10.00 seconds... (5/100)

[2026-07-07 16:55:37,315: ERROR/MainProcess] consumer: Cannot connect to redis://localhost:6379/0: Authentication required..
Trying again in 12.00 seconds... (6/100)

[2026-07-07 16:55:49,333: ERROR/MainProcess] consumer: Cannot connect to redis://localhost:6379/0: Authentication required..
Trying again in 14.00 seconds... (7/100)

[2026-07-07 16:56:03,351: ERROR/MainProcess] consumer: Cannot connect to redis://localhost:6379/0: Authentication required..
Trying again in 16.00 seconds... (8/100)

[2026-07-07 16:56:19,369: ERROR/MainProcess] consumer: Cannot connect to redis://localhost:6379/0: Authentication required..
Trying again in 18.00 seconds... (9/100)

[2026-07-07 16:56:37,390: ERROR/MainProcess] consumer: Cannot connect to redis://localhost:6379/0: Authentication required..
Trying again in 20.00 seconds... (10/100)

[2026-07-07 16:56:57,416: ERROR/MainProcess] consumer: Cannot connect to redis://localhost:6379/0: Authentication required..
Trying again in 22.00 seconds... (11/100)

[2026-07-07 16:57:19,440: ERROR/MainProcess] consumer: Cannot connect to redis://localhost:6379/0: Authentication required..
Trying again in 24.00 seconds... (12/100)

[2026-07-07 16:57:43,469: ERROR/MainProcess] consumer: Cannot connect to redis://localhost:6379/0: Authentication required..
Trying again in 26.00 seconds... (13/100)

[2026-07-07 16:58:09,499: ERROR/MainProcess] consumer: Cannot connect to redis://localhost:6379/0: Authentication required..
Trying again in 28.00 seconds... (14/100)

[2026-07-07 16:58:37,534: ERROR/MainProcess] consumer: Cannot connect to redis://localhost:6379/0: Authentication required..
Trying again in 30.00 seconds... (15/100)

[2026-07-07 16:59:07,570: ERROR/MainProcess] consumer: Cannot connect to redis://localhost:6379/0: Authentication required..
Trying again in 32.00 seconds... (16/100)

[2026-07-07 16:59:39,607: ERROR/MainProcess] consumer: Cannot connect to redis://localhost:6379/0: Authentication required..
Trying again in 32.00 seconds... (16/100)

[2026-07-07 17:00:11,644: ERROR/MainProcess] consumer: Cannot connect to redis://localhost:6379/0: Authentication required..
Trying again in 32.00 seconds... (16/100)

[2026-07-07 17:00:43,680: ERROR/MainProcess] consumer: Cannot connect to redis://localhost:6379/0: Authentication required..
Trying again in 32.00 seconds... (16/100)

[2026-07-07 17:01:15,720: ERROR/MainProcess] consumer: Cannot connect to redis://localhost:6379/0: Authentication required..
Trying again in 32.00 seconds... (16/100)

[2026-07-07 17:01:47,757: ERROR/MainProcess] consumer: Cannot connect to redis://localhost:6379/0: Authentication required..
Trying again in 32.00 seconds... (16/100)

[2026-07-07 17:02:19,796: ERROR/MainProcess] consumer: Cannot connect to redis://localhost:6379/0: Authentication required..
Trying again in 32.00 seconds... (16/100)

[2026-07-07 17:02:51,835: ERROR/MainProcess] consumer: Cannot connect to redis://localhost:6379/0: Authentication required..
Trying again in 32.00 seconds... (16/100)

[2026-07-07 17:03:23,863: ERROR/MainProcess] consumer: Cannot connect to redis://localhost:6379/0: Authentication required..
Trying again in 32.00 seconds... (16/100)

[2026-07-07 17:03:55,900: ERROR/MainProcess] consumer: Cannot connect to redis://localhost:6379/0: Authentication required..
Trying again in 32.00 seconds... (16/100)

[2026-07-07 17:04:27,930: ERROR/MainProcess] consumer: Cannot connect to redis://localhost:6379/0: Authentication required..
Trying again in 32.00 seconds... (16/100)

[2026-07-07 17:04:59,966: ERROR/MainProcess] consumer: Cannot connect to redis://localhost:6379/0: Authentication required..
Trying again in 32.00 seconds... (16/100)

[2026-07-07 17:05:32,004: ERROR/MainProcess] consumer: Cannot connect to redis://localhost:6379/0: Authentication required..
Trying again in 32.00 seconds... (16/100)


worker: Hitting Ctrl+C again will terminate all running tasks!

worker: Warm shutdown (MainProcess)

worker: Warm shutdown (MainProcess)

worker: Warm shutdown (MainProcess)
